
> obsidian-reading-desk@0.1.0 verify
> npm run check:project-docs && npm run check:owner-guard && npm run version:check && npm run lint && npm test && npm run build


> obsidian-reading-desk@0.1.0 check:project-docs
> node scripts/check-project-docs.mjs

Project documentation gate passed.

> obsidian-reading-desk@0.1.0 check:owner-guard
> node scripts/check-owner-guard.mjs

Owner guard review band notices:
- src/portability/BookshelfPortabilityService.ts has 449 lines; confirm it still owns one behavior slice
- src/storage/ObjectStorageService.ts has 410 lines; confirm it still owns one behavior slice
- src/views/ShelfView.ts has 466 lines; confirm it still owns one behavior slice
Owner guard passed.

> obsidian-reading-desk@0.1.0 version:check
> node scripts/bump-version.mjs check

Version check passed: 0.1.0

> obsidian-reading-desk@0.1.0 lint
> eslint --ext .ts src test --max-warnings=0


> obsidian-reading-desk@0.1.0 test
> vitest run


 RUN  v0.34.6 /Volumes/SDD2T/obsidian-vault-write/custom-project/obsidian-reading-desk

 ✓ test/storage/MarkdownImagePasteService.test.ts  (3 tests) 9ms
 ✓ test/reader/PdfSelectionGeometry.test.ts  (3 tests) 8ms
 ✓ test/annotations/AnnotationStore.test.ts  (1 test) 3ms
 ✓ test/portability/BookshelfPortabilityService.test.ts  (5 tests) 9ms
 ✓ test/library/LibraryIndex.test.ts  (1 test) 4ms
 ✓ test/views/shelf/ShelfViewModel.test.ts  (3 tests) 5ms
 ✓ test/storage/ObjectStorageService.test.ts  (7 tests) 17ms
 ✓ test/targets/TargetService.test.ts  (10 tests) 18ms

 Test Files  8 passed (8)
      Tests  33 passed (33)
   Start at  22:21:02
   Duration  371ms (transform 225ms, setup 0ms, collect 451ms, tests 73ms, environment 1ms, prepare 557ms)


> obsidian-reading-desk@0.1.0 build
> tsc -noEmit -skipLibCheck && node esbuild.config.mjs production

