
> obsidian-reading-desk@0.1.1 verify
> npm run check:project-docs && npm run check:owner-guard && npm run version:check && npm run lint && npm test && npm run build


> obsidian-reading-desk@0.1.1 check:project-docs
> node scripts/check-project-docs.mjs

Project documentation gate passed.

> obsidian-reading-desk@0.1.1 check:owner-guard
> node scripts/check-owner-guard.mjs

Owner guard review band notices:
- src/main.ts has 509 lines; confirm it still owns one behavior slice
- src/portability/BookshelfPortabilityService.ts has 450 lines; confirm it still owns one behavior slice
- src/storage/ObjectStorageService.ts has 410 lines; confirm it still owns one behavior slice
- src/views/ReaderView.ts has 406 lines; confirm it still owns one behavior slice
- src/views/ShelfView.ts has 474 lines; confirm it still owns one behavior slice
Owner guard passed.

> obsidian-reading-desk@0.1.1 version:check
> node scripts/bump-version.mjs check

Version check passed: 0.1.1

> obsidian-reading-desk@0.1.1 lint
> eslint --ext .ts src test --max-warnings=0


> obsidian-reading-desk@0.1.1 test
> vitest run


 RUN  v0.34.6 /Volumes/SDD2T/obsidian-vault-write/custom-project/obsidian-reading-desk

 ✓ test/portability/BookshelfPortabilityService.test.ts  (5 tests) 12ms
 ✓ test/storage/ObjectStorageService.test.ts  (7 tests) 24ms
 ✓ test/annotations/AnnotationStore.test.ts  (1 test) 4ms
 ✓ test/storage/MarkdownImagePasteService.test.ts  (3 tests) 14ms
 ✓ test/data/ReadingDeskRepository.test.ts  (2 tests) 6ms
 ✓ test/library/LibraryIndex.test.ts  (2 tests) 6ms
 ✓ test/ui/comments/CommentComponents.test.ts  (3 tests) 21ms
 ✓ test/library/MetadataExtractor.test.ts  (4 tests) 35ms
 ✓ test/targets/TargetService.test.ts  (11 tests) 14ms
 ✓ test/ui/crop/CropGeometry.test.ts  (5 tests) 2ms
 ✓ test/ui/targets/ExcerptTargetPanel.test.ts  (2 tests) 2ms
 ✓ test/reader/PdfSelectionGeometry.test.ts  (3 tests) 5ms
 ✓ test/reader/ReaderSessionState.test.ts  (3 tests) 4ms
 ✓ test/ui/portability/ImportExportPanelState.test.ts  (4 tests) 3ms
 ✓ test/views/shelf/ShelfViewModel.test.ts  (3 tests) 7ms
 ✓ test/ai/AiIntegrationService.test.ts  (2 tests) 11ms

 Test Files  16 passed (16)
      Tests  60 passed (60)
   Start at  00:03:40
   Duration  657ms (transform 756ms, setup 1ms, collect 1.37s, tests 170ms, environment 2ms, prepare 1.08s)


> obsidian-reading-desk@0.1.1 build
> tsc -noEmit -skipLibCheck && node esbuild.config.mjs production

