
> obsidian-reading-desk@0.1.1 verify
> npm run check:project-docs && npm run check:owner-guard && npm run version:check && npm run lint && npm test && npm run build


> obsidian-reading-desk@0.1.1 check:project-docs
> node scripts/check-project-docs.mjs

Project documentation gate passed.

> obsidian-reading-desk@0.1.1 check:owner-guard
> node scripts/check-owner-guard.mjs

Owner guard review band notices:
- src/main.ts has 580 lines; confirm it still owns one behavior slice
- src/portability/BookshelfPortabilityService.ts has 450 lines; confirm it still owns one behavior slice
- src/storage/ObjectStorageService.ts has 410 lines; confirm it still owns one behavior slice
- src/views/ReaderView.ts has 482 lines; confirm it still owns one behavior slice
- src/views/ShelfView.ts has 519 lines; confirm it still owns one behavior slice
Owner guard passed.

> obsidian-reading-desk@0.1.1 version:check
> node scripts/bump-version.mjs check

Version check passed: 0.1.1

> obsidian-reading-desk@0.1.1 lint
> eslint --ext .ts src test --max-warnings=0


> obsidian-reading-desk@0.1.1 test
> vitest run


 RUN  v0.34.6 /Volumes/SDD2T/obsidian-vault-write/custom-project/obsidian-reading-desk

 ✓ test/ai/AiIntegrationService.test.ts  (2 tests) 10ms
 ✓ test/storage/MarkdownImagePasteService.test.ts  (3 tests) 16ms
 ✓ test/annotations/AnnotationStore.test.ts  (1 test) 3ms
 ✓ test/portability/BookshelfPortabilityService.test.ts  (5 tests) 6ms
 ✓ test/data/ReadingDeskRepository.test.ts  (2 tests) 5ms
 ✓ test/storage/ObjectStorageService.test.ts  (7 tests) 19ms
 ✓ test/ui/comments/CommentComponents.test.ts  (3 tests) 30ms
 ✓ test/targets/TargetService.test.ts  (12 tests) 13ms
 ✓ test/library/MetadataExtractor.test.ts  (4 tests) 133ms
 ✓ test/ui/crop/CropDragTransport.test.ts  (6 tests) 6ms
 ✓ test/reader/ReaderSessionState.test.ts  (3 tests) 3ms
 ✓ test/ui/crop/CropGeometry.test.ts  (5 tests) 10ms
 ✓ test/library/LibraryIndex.test.ts  (2 tests) 9ms
 ✓ test/ui/targets/ExcerptTargetPanel.test.ts  (2 tests) 2ms
 ✓ test/reader/PdfSelectionGeometry.test.ts  (3 tests) 6ms
 ✓ test/views/shelf/ShelfViewModel.test.ts  (5 tests) 8ms
 ✓ test/ui/portability/ImportExportPanelState.test.ts  (4 tests) 2ms

 Test Files  17 passed (17)
      Tests  69 passed (69)
   Start at  00:32:32
   Duration  679ms (transform 641ms, setup 0ms, collect 1.10s, tests 281ms, environment 2ms, prepare 1.08s)


> obsidian-reading-desk@0.1.1 build
> tsc -noEmit -skipLibCheck && node esbuild.config.mjs production

