
> obsidian-reading-desk@0.1.1 verify
> npm run check:project-docs && npm run check:owner-guard && npm run version:check && npm run lint && npm test && npm run build


> obsidian-reading-desk@0.1.1 check:project-docs
> node scripts/check-project-docs.mjs

Project documentation gate passed.

> obsidian-reading-desk@0.1.1 check:owner-guard
> node scripts/check-owner-guard.mjs

Owner guard review band notices:
- src/main.ts has 580 lines; confirm it still owns one behavior slice
- src/portability/BookshelfPortabilityService.ts has 450 lines; confirm it still owns one behavior slice
- src/storage/ObjectStorageService.ts has 410 lines; confirm it still owns one behavior slice
- src/views/ReaderView.ts has 544 lines; confirm it still owns one behavior slice
- src/views/ShelfView.ts has 519 lines; confirm it still owns one behavior slice
Owner guard passed.

> obsidian-reading-desk@0.1.1 version:check
> node scripts/bump-version.mjs check

Version check passed: 0.1.1

> obsidian-reading-desk@0.1.1 lint
> eslint --ext .ts src test --max-warnings=0


> obsidian-reading-desk@0.1.1 test
> vitest run


 RUN  v0.34.6 /Volumes/SDD2T/obsidian-vault-write/custom-project/obsidian-reading-desk

 ✓ test/ui/targets/ExcerptTargetPanel.test.ts  (2 tests) 6ms
 ✓ test/ui/crop/CropGeometry.test.ts  (5 tests) 3ms
 ✓ test/storage/MarkdownImagePasteService.test.ts  (3 tests) 7ms
 ✓ test/storage/ObjectStorageService.test.ts  (7 tests) 9ms
 ✓ test/ui/crop/CropDragTransport.test.ts  (6 tests) 5ms
 ✓ test/library/LibraryIndex.test.ts  (2 tests) 5ms
 ✓ test/ui/comments/CommentComponents.test.ts  (5 tests) 28ms
 ✓ test/library/MetadataExtractor.test.ts  (4 tests) 47ms
 ✓ test/targets/TargetService.test.ts  (12 tests) 10ms
 ✓ test/ai/AiIntegrationService.test.ts  (2 tests) 14ms
 ✓ test/reader/PdfSelectionGeometry.test.ts  (3 tests) 4ms
 ✓ test/portability/BookshelfPortabilityService.test.ts  (5 tests) 7ms
 ✓ test/annotations/AnnotationStore.test.ts  (1 test) 5ms
 ✓ test/views/shelf/ShelfViewModel.test.ts  (5 tests) 3ms
 ✓ test/reader/ReaderSessionState.test.ts  (3 tests) 3ms
 ✓ test/data/ReadingDeskRepository.test.ts  (2 tests) 6ms
 ✓ test/ui/portability/ImportExportPanelState.test.ts  (4 tests) 3ms
stdout | unknown test
Warning: Please use the `legacy` build in Node.js environments.

 ✓ test/reader/PdfRendererFit.test.ts  (2 tests) 1ms

 Test Files  18 passed (18)
      Tests  73 passed (73)
   Start at  01:18:49
   Duration  463ms (transform 442ms, setup 1ms, collect 811ms, tests 166ms, environment 3ms, prepare 888ms)


> obsidian-reading-desk@0.1.1 build
> tsc -noEmit -skipLibCheck && node esbuild.config.mjs production

