
> obsidian-reading-desk@0.1.0 verify
> npm run check:project-docs && npm run check:owner-guard && npm run version:check && npm run lint && npm test && npm run build


> obsidian-reading-desk@0.1.0 check:project-docs
> node scripts/check-project-docs.mjs

Project documentation gate passed.

> obsidian-reading-desk@0.1.0 check:owner-guard
> node scripts/check-owner-guard.mjs

Owner guard review band notices:
- src/main.ts has 472 lines; confirm it still owns one behavior slice
- src/portability/BookshelfPortabilityService.ts has 450 lines; confirm it still owns one behavior slice
- src/storage/ObjectStorageService.ts has 410 lines; confirm it still owns one behavior slice
- src/views/ShelfView.ts has 474 lines; confirm it still owns one behavior slice
Owner guard passed.

> obsidian-reading-desk@0.1.0 version:check
> node scripts/bump-version.mjs check

Version check passed: 0.1.0

> obsidian-reading-desk@0.1.0 lint
> eslint --ext .ts src test --max-warnings=0


> obsidian-reading-desk@0.1.0 test
> vitest run


 RUN  v0.34.6 /Volumes/SDD2T/obsidian-vault-write/custom-project/obsidian-reading-desk

 ✓ test/reader/PdfSelectionGeometry.test.ts  (3 tests) 6ms
 ✓ test/storage/ObjectStorageService.test.ts  (7 tests) 27ms
 ✓ test/storage/MarkdownImagePasteService.test.ts  (3 tests) 11ms
 ✓ test/library/LibraryIndex.test.ts  (2 tests) 5ms
 ✓ test/ai/AiIntegrationService.test.ts  (2 tests) 4ms
 ✓ test/portability/BookshelfPortabilityService.test.ts  (5 tests) 10ms
 ✓ test/ui/comments/CommentComponents.test.ts  (3 tests) 31ms
 ✓ test/library/MetadataExtractor.test.ts  (4 tests) 60ms
 ✓ test/targets/TargetService.test.ts  (10 tests) 12ms
 ✓ test/ui/crop/CropGeometry.test.ts  (5 tests) 5ms
 ✓ test/ui/portability/ImportExportPanelState.test.ts  (4 tests) 4ms
 ✓ test/ui/targets/ExcerptTargetPanel.test.ts  (2 tests) 6ms
 ✓ test/views/shelf/ShelfViewModel.test.ts  (3 tests) 5ms
 ✓ test/data/ReadingDeskRepository.test.ts  (2 tests) 4ms
 ✓ test/annotations/AnnotationStore.test.ts  (1 test) 6ms

 Test Files  15 passed (15)
      Tests  56 passed (56)
   Start at  23:26:05
   Duration  698ms (transform 698ms, setup 1ms, collect 1.38s, tests 196ms, environment 2ms, prepare 1.46s)


> obsidian-reading-desk@0.1.0 build
> tsc -noEmit -skipLibCheck && node esbuild.config.mjs production

