
> obsidian-reading-desk@0.1.0 verify
> npm run check:project-docs && npm run check:owner-guard && npm run version:check && npm run lint && npm test && npm run build


> obsidian-reading-desk@0.1.0 check:project-docs
> node scripts/check-project-docs.mjs

Project documentation gate passed.

> obsidian-reading-desk@0.1.0 check:owner-guard
> node scripts/check-owner-guard.mjs

Owner guard review band notices:
- src/main.ts has 414 lines; confirm it still owns one behavior slice
- src/portability/BookshelfPortabilityService.ts has 449 lines; confirm it still owns one behavior slice
- src/storage/ObjectStorageService.ts has 410 lines; confirm it still owns one behavior slice
- src/views/ShelfView.ts has 466 lines; confirm it still owns one behavior slice
Owner guard passed.

> obsidian-reading-desk@0.1.0 version:check
> node scripts/bump-version.mjs check

Version check passed: 0.1.0

> obsidian-reading-desk@0.1.0 lint
> eslint --ext .ts src test --max-warnings=0


> obsidian-reading-desk@0.1.0 test
> vitest run


 RUN  v0.34.6 /Volumes/SDD2T/obsidian-vault-write/custom-project/obsidian-reading-desk

 ✓ test/ui/crop/CropGeometry.test.ts  (5 tests) 3ms
 ✓ test/storage/ObjectStorageService.test.ts  (7 tests) 9ms
 ✓ test/ai/AiIntegrationService.test.ts  (2 tests) 3ms
 ✓ test/data/ReadingDeskRepository.test.ts  (1 test) 6ms
 ✓ test/reader/PdfSelectionGeometry.test.ts  (3 tests) 6ms
 ✓ test/portability/BookshelfPortabilityService.test.ts  (5 tests) 12ms
 ✓ test/ui/comments/CommentComponents.test.ts  (3 tests) 26ms
 ✓ test/library/MetadataExtractor.test.ts  (3 tests) 63ms
 ✓ test/targets/TargetService.test.ts  (10 tests) 9ms
 ✓ test/annotations/AnnotationStore.test.ts  (1 test) 4ms
 ✓ test/library/LibraryIndex.test.ts  (1 test) 5ms
 ✓ test/storage/MarkdownImagePasteService.test.ts  (3 tests) 10ms
 ✓ test/views/shelf/ShelfViewModel.test.ts  (3 tests) 4ms
 ✓ test/ui/portability/ImportExportPanelState.test.ts  (4 tests) 2ms

 Test Files  14 passed (14)
      Tests  51 passed (51)
   Start at  22:55:01
   Duration  527ms (transform 439ms, setup 0ms, collect 769ms, tests 162ms, environment 6ms, prepare 927ms)

FATAL ERROR: v8::ToLocalChecked Empty MaybeLocal
----- Native stack trace -----

 1: 0x100d01fac node::OnFatalError(char const*, char const*) [/Users/dht/.local/share/fnm/node-versions/v24.16.0/installation/bin/node]
 2: 0x100f5e608 v8::Utils::ReportApiFailure(char const*, char const*) [/Users/dht/.local/share/fnm/node-versions/v24.16.0/installation/bin/node]
 3: 0x100ce55b0 node::cjs_lexer::Parse(v8::FunctionCallbackInfo<v8::Value> const&) [/Users/dht/.local/share/fnm/node-versions/v24.16.0/installation/bin/node]
 4: 0x101bda818 Builtins_CallApiCallbackGeneric [/Users/dht/.local/share/fnm/node-versions/v24.16.0/installation/bin/node]
 5: 0x101bd8bec Builtins_InterpreterEntryTrampoline [/Users/dht/.local/share/fnm/node-versions/v24.16.0/installation/bin/node]
 6: 0x101bd8bec Builtins_InterpreterEntryTrampoline [/Users/dht/.local/share/fnm/node-versions/v24.16.0/installation/bin/node]
 7: 0x101bd8bec Builtins_InterpreterEntryTrampoline [/Users/dht/.local/share/fnm/node-versions/v24.16.0/installation/bin/node]
 8: 0x101bd8bec Builtins_InterpreterEntryTrampoline [/Users/dht/.local/share/fnm/node-versions/v24.16.0/installation/bin/node]
 9: 0x36001b310 
10: 0x36001b64c 
11: 0x36001b928 
12: 0x36001df3c 
13: 0x36001e618 
14: 0x36001eb84 
15: 0x3600149e0 
16: 0x36001ef70 
17: 0x36001f418 
18: 0x101bd5978 Builtins_JSConstructStubGeneric [/Users/dht/.local/share/fnm/node-versions/v24.16.0/installation/bin/node]
19: 0x36001e2cc 
20: 0x36001e618 
21: 0x36001eb84 
22: 0x3600149e0 
23: 0x36001ef70 
24: 0x36001f418 
25: 0x101bd5978 Builtins_JSConstructStubGeneric [/Users/dht/.local/share/fnm/node-versions/v24.16.0/installation/bin/node]
26: 0x36001e2cc 
27: 0x36001e618 
28: 0x36001eb84 
29: 0x3600149e0 
30: 0x101bd8bec Builtins_InterpreterEntryTrampoline [/Users/dht/.local/share/fnm/node-versions/v24.16.0/installation/bin/node]
31: 0x101bd8bec Builtins_InterpreterEntryTrampoline [/Users/dht/.local/share/fnm/node-versions/v24.16.0/installation/bin/node]
32: 0x101bd9400 Builtins_InterpreterPushArgsThenFastConstructFunction [/Users/dht/.local/share/fnm/node-versions/v24.16.0/installation/bin/node]
33: 0x101d69628 Builtins_ConstructHandler [/Users/dht/.local/share/fnm/node-versions/v24.16.0/installation/bin/node]
34: 0x101bd8bec Builtins_InterpreterEntryTrampoline [/Users/dht/.local/share/fnm/node-versions/v24.16.0/installation/bin/node]
35: 0x101bd8bec Builtins_InterpreterEntryTrampoline [/Users/dht/.local/share/fnm/node-versions/v24.16.0/installation/bin/node]
36: 0x101bd8bec Builtins_InterpreterEntryTrampoline [/Users/dht/.local/share/fnm/node-versions/v24.16.0/installation/bin/node]
37: 0x101bd8bec Builtins_InterpreterEntryTrampoline [/Users/dht/.local/share/fnm/node-versions/v24.16.0/installation/bin/node]
38: 0x101bd8bec Builtins_InterpreterEntryTrampoline [/Users/dht/.local/share/fnm/node-versions/v24.16.0/installation/bin/node]
39: 0x101bd8bec Builtins_InterpreterEntryTrampoline [/Users/dht/.local/share/fnm/node-versions/v24.16.0/installation/bin/node]
40: 0x101bd8bec Builtins_InterpreterEntryTrampoline [/Users/dht/.local/share/fnm/node-versions/v24.16.0/installation/bin/node]
41: 0x101bd8bec Builtins_InterpreterEntryTrampoline [/Users/dht/.local/share/fnm/node-versions/v24.16.0/installation/bin/node]
42: 0x101bd68cc Builtins_JSEntryTrampoline [/Users/dht/.local/share/fnm/node-versions/v24.16.0/installation/bin/node]
43: 0x101bd6570 Builtins_JSEntry [/Users/dht/.local/share/fnm/node-versions/v24.16.0/installation/bin/node]
44: 0x101101a94 v8::internal::(anonymous namespace)::Invoke(v8::internal::Isolate*, v8::internal::(anonymous namespace)::InvokeParams const&) [/Users/dht/.local/share/fnm/node-versions/v24.16.0/installation/bin/node]
45: 0x1011013f8 v8::internal::Execution::Call(v8::internal::Isolate*, v8::internal::DirectHandle<v8::internal::Object>, v8::internal::DirectHandle<v8::internal::Object>, v8::base::Vector<v8::internal::DirectHandle<v8::internal::Object> const>) [/Users/dht/.local/share/fnm/node-versions/v24.16.0/installation/bin/node]
46: 0x100f75e78 v8::Function::Call(v8::Isolate*, v8::Local<v8::Context>, v8::Local<v8::Value>, int, v8::Local<v8::Value>*) [/Users/dht/.local/share/fnm/node-versions/v24.16.0/installation/bin/node]
47: 0x100ca6424 node::loader::ImportModuleDynamicallyWithPhase(v8::Local<v8::Context>, v8::Local<v8::Data>, v8::Local<v8::Value>, v8::Local<v8::String>, v8::ModuleImportPhase, v8::Local<v8::FixedArray>) [/Users/dht/.local/share/fnm/node-versions/v24.16.0/installation/bin/node]
48: 0x101121d50 v8::internal::Isolate::RunHostImportModuleDynamicallyCallback(v8::internal::MaybeDirectHandle<v8::internal::Script>, v8::internal::Handle<v8::internal::Object>, v8::ModuleImportPhase, v8::internal::MaybeDirectHandle<v8::internal::Object>) [/Users/dht/.local/share/fnm/node-versions/v24.16.0/installation/bin/node]
49: 0x101625948 v8::internal::Runtime_DynamicImportCall(int, unsigned long*, v8::internal::Isolate*) [/Users/dht/.local/share/fnm/node-versions/v24.16.0/installation/bin/node]
50: 0x101c76088 Builtins_CEntry_Return1_ArgvInRegister_NoBuiltinExit [/Users/dht/.local/share/fnm/node-versions/v24.16.0/installation/bin/node]
51: 0x101d68b14 Builtins_CallRuntimeHandler [/Users/dht/.local/share/fnm/node-versions/v24.16.0/installation/bin/node]
52: 0x101bd8bec Builtins_InterpreterEntryTrampoline [/Users/dht/.local/share/fnm/node-versions/v24.16.0/installation/bin/node]
53: 0x101bd8bec Builtins_InterpreterEntryTrampoline [/Users/dht/.local/share/fnm/node-versions/v24.16.0/installation/bin/node]
54: 0x101bd8bec Builtins_InterpreterEntryTrampoline [/Users/dht/.local/share/fnm/node-versions/v24.16.0/installation/bin/node]
55: 0x101bd8bec Builtins_InterpreterEntryTrampoline [/Users/dht/.local/share/fnm/node-versions/v24.16.0/installation/bin/node]
56: 0x101bd8bec Builtins_InterpreterEntryTrampoline [/Users/dht/.local/share/fnm/node-versions/v24.16.0/installation/bin/node]
57: 0x101bd68cc Builtins_JSEntryTrampoline [/Users/dht/.local/share/fnm/node-versions/v24.16.0/installation/bin/node]
58: 0x101bd6570 Builtins_JSEntry [/Users/dht/.local/share/fnm/node-versions/v24.16.0/installation/bin/node]
59: 0x101101a94 v8::internal::(anonymous namespace)::Invoke(v8::internal::Isolate*, v8::internal::(anonymous namespace)::InvokeParams const&) [/Users/dht/.local/share/fnm/node-versions/v24.16.0/installation/bin/node]
60: 0x1011013f8 v8::internal::Execution::Call(v8::internal::Isolate*, v8::internal::DirectHandle<v8::internal::Object>, v8::internal::DirectHandle<v8::internal::Object>, v8::base::Vector<v8::internal::DirectHandle<v8::internal::Object> const>) [/Users/dht/.local/share/fnm/node-versions/v24.16.0/installation/bin/node]
61: 0x100f75e78 v8::Function::Call(v8::Isolate*, v8::Local<v8::Context>, v8::Local<v8::Value>, int, v8::Local<v8::Value>*) [/Users/dht/.local/share/fnm/node-versions/v24.16.0/installation/bin/node]
62: 0x100be33d8 node::InternalMakeCallback(node::Environment*, v8::Local<v8::Object>, v8::Local<v8::Object>, v8::Local<v8::Function>, int, v8::Local<v8::Value>*, node::async_context, v8::Local<v8::Value>) [/Users/dht/.local/share/fnm/node-versions/v24.16.0/installation/bin/node]
63: 0x100bfbdd0 node::AsyncWrap::MakeCallback(v8::Local<v8::Function>, int, v8::Local<v8::Value>*) [/Users/dht/.local/share/fnm/node-versions/v24.16.0/installation/bin/node]
64: 0x100d5f620 node::worker::MessagePort::OnMessage(node::worker::MessagePort::MessageProcessingMode) [/Users/dht/.local/share/fnm/node-versions/v24.16.0/installation/bin/node]
65: 0x101bb5874 uv__async_io [/Users/dht/.local/share/fnm/node-versions/v24.16.0/installation/bin/node]
66: 0x101bca16c uv__io_poll [/Users/dht/.local/share/fnm/node-versions/v24.16.0/installation/bin/node]
67: 0x101bb61c8 uv_run [/Users/dht/.local/share/fnm/node-versions/v24.16.0/installation/bin/node]
68: 0x100be46a8 node::SpinEventLoopInternal(node::Environment*) [/Users/dht/.local/share/fnm/node-versions/v24.16.0/installation/bin/node]
69: 0x100e31440 node::worker::Worker::Run() [/Users/dht/.local/share/fnm/node-versions/v24.16.0/installation/bin/node]
70: 0x100e35cd4 node::worker::Worker::StartThread(v8::FunctionCallbackInfo<v8::Value> const&)::$_0::__invoke(void*) [/Users/dht/.local/share/fnm/node-versions/v24.16.0/installation/bin/node]
71: 0x19c9bfc08 _pthread_start [/usr/lib/system/libsystem_pthread.dylib]
72: 0x19c9baba8 thread_start [/usr/lib/system/libsystem_pthread.dylib]

----- JavaScript stack trace -----

1: cjsPreparseModuleExports (node:internal/modules/esm/translators:397:44)
2: cjsPreparseModuleExports (node:internal/modules/esm/translators:422:48)
3: createCJSModuleWrap (node:internal/modules/esm/translators:212:35)
4: commonjsStrategy (node:internal/modules/esm/translators:353:10)
5: #translate (node:internal/modules/esm/loader:435:20)
6: afterLoad (node:internal/modules/esm/loader:491:29)
7: loadAndTranslate (node:internal/modules/esm/loader:496:12)
8: #getOrCreateModuleJobAfterResolve (node:internal/modules/esm/loader:549:36)
9: afterResolve (node:internal/modules/esm/loader:597:52)
10: getOrCreateModuleJob (node:internal/modules/esm/loader:603:12)


sh: line 1:  3172 Abort trap: 6           npm test
