
> obsidian-reading-desk@0.1.0 verify
> npm run check:project-docs && npm run check:owner-guard && npm run version:check && npm run lint && npm test && npm run build


> obsidian-reading-desk@0.1.0 check:project-docs
> node scripts/check-project-docs.mjs

Project documentation gate passed.

> obsidian-reading-desk@0.1.0 check:owner-guard
> node scripts/check-owner-guard.mjs

Owner guard review band notices:
- src/main.ts has 489 lines; confirm it still owns one behavior slice
- src/portability/BookshelfPortabilityService.ts has 450 lines; confirm it still owns one behavior slice
- src/storage/ObjectStorageService.ts has 410 lines; confirm it still owns one behavior slice
- src/views/ReaderView.ts has 406 lines; confirm it still owns one behavior slice
- src/views/ShelfView.ts has 474 lines; confirm it still owns one behavior slice
Owner guard passed.

> obsidian-reading-desk@0.1.0 version:check
> node scripts/bump-version.mjs check

Version check passed: 0.1.0

> obsidian-reading-desk@0.1.0 lint
> eslint --ext .ts src test --max-warnings=0


> obsidian-reading-desk@0.1.0 test
> vitest run


 RUN  v0.34.6 /Volumes/SDD2T/obsidian-vault-write/custom-project/obsidian-reading-desk

 ✓ test/ai/AiIntegrationService.test.ts  (2 tests) 5ms
 ✓ test/portability/BookshelfPortabilityService.test.ts  (5 tests) 8ms
 ✓ test/annotations/AnnotationStore.test.ts  (1 test) 6ms
 ✓ test/data/ReadingDeskRepository.test.ts  (2 tests) 7ms
 ✓ test/storage/MarkdownImagePasteService.test.ts  (3 tests) 12ms
 ✓ test/storage/ObjectStorageService.test.ts  (7 tests) 15ms
 ✓ test/ui/comments/CommentComponents.test.ts  (3 tests) 22ms
 ✓ test/targets/TargetService.test.ts  (11 tests) 14ms
 ✓ test/library/MetadataExtractor.test.ts  (4 tests) 42ms
 ✓ test/views/shelf/ShelfViewModel.test.ts  (3 tests) 3ms
 ✓ test/ui/targets/ExcerptTargetPanel.test.ts  (2 tests) 17ms
 ✓ test/library/LibraryIndex.test.ts  (2 tests) 9ms
 ✓ test/reader/PdfSelectionGeometry.test.ts  (3 tests) 16ms
 ✓ test/ui/portability/ImportExportPanelState.test.ts  (4 tests) 3ms
 ✓ test/reader/ReaderSessionState.test.ts  (3 tests) 3ms
 ✓ test/ui/crop/CropGeometry.test.ts  (5 tests) 6ms

 Test Files  16 passed (16)
      Tests  60 passed (60)
   Start at  23:51:25
   Duration  612ms (transform 643ms, setup 1ms, collect 1.09s, tests 188ms, environment 2ms, prepare 1.12s)


> obsidian-reading-desk@0.1.0 build
> tsc -noEmit -skipLibCheck && node esbuild.config.mjs production

