23:29:31 Received CLI command {"0":"dev:errors"}
23:29:47 Received CLI command {"0":"eval","1":"vault=testvault","2":"code=(async()=>{const p=app.plugins.plugins['obsid…lector('.rd-excerpt-card__controls button')})})()"}
23:29:48 Received CLI command {"0":"dev:errors"}
23:29:48 Received CLI command {"0":"dev:console","1":"limit=100"}
23:30:34 Received CLI command {"0":"help"}
23:32:53 Received CLI command {"0":"dev:errors"}
23:33:21 Received CLI command {"0":"plugin:enable","1":"id=canvas","2":"filter=core"}
23:35:43 Received URL action {"file":"Reading Desk Fixtures/reader-text-fixture.pdf","highlight":"highlight-2ab55fda-9b59-4840-a94a-9702fce38c48","action":"reading-desk-highlight"}
23:36:34 Received CLI command {"0":"dev:errors"}
23:40:19 Received CLI command {"0":"move","1":"path=Reading Desk Fixtures/functional-outline.pdf","2":"to=Reading Desk Fixtures/functional-outline-renamed.pdf"}
23:45:14 Received CLI command {"0":"plugin","1":"id=obsidian-excalidraw-plugin"}
23:45:14 Received CLI command {"0":"plugins","1":"filter=community","2":"versions","3":"format=json"}
23:45:36 Received CLI command {"0":"plugin:install","1":"id=obsidian-excalidraw-plugin","2":"enable"}
23:45:44 Received CLI command {"0":"plugin","1":"id=obsidian-excalidraw-plugin"}
23:45:44 Received CLI command {"0":"plugins:enabled","1":"filter=community","2":"versions","3":"format=json"}
23:45:45 Initialized Excalidraw Image Cache
23:52:41 {"where":"Utils/checkExcalidrawVersion","error":"Error: Request failed, status 403\n    at new t (app://obsidian.md/app.js:1:1096589)\n    at Ry (app:…"}
23:54:38 Received CLI command {"0":"dev:console","1":"limit=1"}
23:54:38 Received CLI command {"0":"plugin:reload","1":"id=obsidian-reading-desk"}
23:54:38 [INFO] [Reading Desk] Margin v0.1.0 build 0.1.0+2026-09-18T15:54:23.292Z
