23:12:46 Received CLI command {"0":"eval","1":"code=const input=document.querySelector('.rd-shelf…TabById('obsidian-reading-desk'); 'settings-open'"}
23:13:09 Received CLI command {"0":"eval","1":"code=JSON.stringify({settings:document.querySelect…title,settingsWindows:app.setting.activeTab?.id})"}
23:15:49 Received CLI command {"0":"eval","1":"code=app.changeTheme('moonstone'); 'light-settings'"}
23:16:06 Received CLI command {"0":"eval","1":"code=app.setting.close(); app.workspace.setActiveL…ive:app.workspace.activeLeaf.view.getViewType()})"}
23:16:06 Received CLI command {"0":"eval","1":"code=const b=Array.from(document.querySelectorAll(…querySelector('.rd-highlight-drawer').className})"}
23:16:06 Received CLI command {"0":"eval","1":"code=JSON.stringify((function measure() {\n const v…ment?metrics(document.activeElement):null};\n})())"}
23:16:06 Received CLI command {"0":"dev:screenshot","1":"path=/Volumes/SDD2T/obsidian-vault-write/custom-pr…s/self-check/visual-light-reader-drawer-valid.png"}
23:17:04 Received CLI command {"0":"eval","1":"code=Array.from(document.querySelectorAll('.rd-rea…b=>b.textContent==='专注阅读').click(); 'focus-reset'"}
23:17:04 Received CLI command {"0":"eval","1":"code=app.workspace.setActiveLeaf(app.workspace.get…ocument.activeElement.matches(':focus-visible')})"}
23:17:04 Received CLI command {"0":"dev:cdp","1":"method=Input.dispatchKeyEvent","2":"params={\"type\":\"keyDown\",\"key\":\"Tab\",\"code\":\"Tab\",\"windowsVirtualKeyCode\":9}"}
23:17:04 Received CLI command {"0":"dev:cdp","1":"method=Input.dispatchKeyEvent","2":"params={\"type\":\"keyUp\",\"key\":\"Tab\",\"code\":\"Tab\",\"windowsVirtualKeyCode\":9}"}
23:17:04 Received CLI command {"0":"eval","1":"code=JSON.stringify((function measure() {\n const v…ment?metrics(document.activeElement):null};\n})())"}
23:17:04 Received CLI command {"0":"dev:screenshot","1":"path=/Volumes/SDD2T/obsidian-vault-write/custom-pr…self-check/visual-light-reader-keyboard-focus.png"}
23:17:04 Received CLI command {"0":"eval","1":"code=app.workspace.leftSplit.expand(); app.workspace.rightSplit.expand(); 'restored-sidebars'"}
23:17:04 Received CLI command {"0":"dev:cdp","1":"method=Emulation.clearDeviceMetricsOverride"}
23:17:04 Received CLI command {"0":"dev:errors"}
23:17:26 Received CLI command {"0":"eval","1":"code=JSON.stringify(app.plugins.plugins['obsidian-reading-desk'].repository.readBooks())"}
23:23:37 Received CLI command {"0":"dev:console","1":"limit=1"}
23:23:37 Received CLI command {"0":"plugin:reload","1":"id=obsidian-reading-desk"}
23:23:37 [INFO] [Reading Desk] Margin v0.1.0 build 0.1.0+2026-09-18T15:23:18.277Z
