22:37:39 [22:37:39] [StartupCoordinator] [startup] deferring runtime warmup until after workspace integration
22:37:39 [22:37:39] [StartupCoordinator] [startup] completed in 159ms | registerAppIcon=0.10ms, prepareStartupState=39.5ms, bootstrapOpenCodeRuntime=116ms, registerWorkspaceIntegration=2.90ms
22:37:39 [22:37:39] [OpenCodianView] [view-open] wireEventHandlers completed in 0.40ms
22:37:39 [22:37:39] [OpenCodianView] [view-open] buildUI completed in 5.00ms
22:37:39 [22:37:39] [OpenCodianView] [view-open] initializeTabSystem completed in 0.20ms
22:37:39 [22:37:39] [OpenCodianView] Chat server availability -> offline
22:37:39 [22:37:39] [OpenCodianView] [view-open] startServerStatusLoop completed in 2.60ms
22:37:39 [22:37:39] [OpenCodianView] [view-open] startLspStatusLoop completed in 0.10ms
22:37:39 [ERROR] [22:37:39] [ModelSelectionRuntime] Failed to load models: {"stack":"Error: Pi CLI not found. Install Pi yourself or co….mountModelSelector (plugin:opencodian:198317:15)","message":"Pi CLI not found. Install Pi yourself or configure the full path to your Pi executable."}
22:37:39 [22:37:39] [OpenCodianView] [view-open] initializeMarkdownService completed in 0.20ms
22:37:39 [22:37:39] [OpenCodianView] [view-open] wireBackendSurfaceSwitch completed in 0.30ms
22:37:39 [22:37:39] [OpenCodianView] [view-open] startConversationSessionSignalRuntime completed in 0.00ms
22:37:39 [22:37:39] [ConversationLoadRecoveryCoordinator] [view-open] initializeFirstTab:loadConversations completed in 0.00ms
22:37:39 [22:37:39] [ConversationLoadRecoveryCoordinator] [view-open] initializeFirstTab:restorePersistedTabs completed in 0.40ms
22:37:39 [22:37:39] [ConversationViewStateService] [conversation-load] prepareLoadedConversationTransition completed in 0.10ms {"conversationId":"conv-1788883112075-zux0v4xc8"}
22:37:39 [22:37:39] [ConversationViewStateService] [conversation-load] resolveConversation completed in 10.8ms {"conversationId":"conv-1788883112075-zux0v4xc8"}
22:37:39 [22:37:39] [ConversationViewStateService] [conversation-load] captureLoadedConversationTransition completed in 0.10ms {"conversationId":"conv-1788883112075-zux0v4xc8"}
22:37:39 [22:37:39] [ConversationViewStateService] [conversation-load] applyLoadedConversationActivation completed in 0.60ms {"conversationId":"conv-1788883112075-zux0v4xc8"}
22:37:39 [22:37:39] [ConversationViewStateService] [conversation-load] beginLoadedConversationTransition completed in 0.20ms {"conversationId":"conv-1788883112075-zux0v4xc8"}
22:37:39 [22:37:39] [ConversationViewStateService] [conversation-load] loadConversationMessages completed in 0.00ms {"conversationId":"conv-1788883112075-zux0v4xc8"}
22:37:39 [22:37:39] [ConversationViewStateService] [conversation-load] applyLoadedConversationOutcome completed in 1.10ms {"conversationId":"conv-1788883112075-zux0v4xc8"}
22:37:39 [22:37:39] [ConversationViewStateService] [conversation-load] restoreLoadedConversationTransition completed in 0.20ms {"conversationId":"conv-1788883112075-zux0v4xc8"}
22:37:39 [22:37:39] [ConversationViewStateService] [conversation-load] applyLoadedConversationHydrationTail completed in 0.90ms {"conversationId":"conv-1788883112075-zux0v4xc8"}
22:37:39 [22:37:39] [ConversationViewStateService] [conversation-load] loaded conv-1788883112075-zux0v4xc8 (0 messages) in 14.6ms | prepareLoadedConversationTransition=0.10ms, resolveConversation=10.8ms, captureLoadedConversationTransition=0.10ms, applyLoadedConversationActivation=0.60ms, beginLoadedConversationTransition=0.20ms, loadConversationMessages=0.00ms, applyLoadedConversationOutcome=1.10ms, restoreLoadedConversationTransition=0.20ms, applyLoadedConversationHydrationTail=0.90ms
22:37:39 [22:37:39] [ConversationLoadRecoveryCoordinator] [view-open] initializeFirstTab:activateRestoredTab completed in 16.3ms
22:37:39 [22:37:39] [ConversationLoadRecoveryCoordinator] [view-open] initializeFirstTab restored tab in 16.8ms | loadConversations=0.00ms, restorePersistedTabs=0.40ms, activateRestoredTab=16.3ms
22:37:39 [22:37:39] [OpenCodianView] [view-open] initializeFirstTab completed in 17.2ms
22:37:39 [22:37:39] [OpenCodianView] [view-open] completed in 26.8ms | wireEventHandlers=0.40ms, buildUI=5.00ms, initializeTabSystem=0.20ms, startServerStatusLoop=2.60ms, startLspStatusLoop=0.10ms, initializeMarkdownService=0.20ms, wireBackendSurfaceSwitch=0.30ms, startConversationSessionSignalRuntime=0.00ms, initializeFirstTab=17.2ms
22:37:39 [WARN] [22:37:39] [TabViewActivationBridge] [hydration-tail] context usage background refresh failed after 5.00ms {"stack":"Error: Pi CLI not found. Install Pi yourself or co…r.refreshFromServer (plugin:opencodian:193710:22)","message":"Pi CLI not found. Install Pi yourself or configure the full path to your Pi executable."}
22:41:42 Received CLI command {"0":"help"}
22:41:42 Received CLI command {"0":"eval","1":"JSON.stringify({enabled:[...app.plugins.enabledPlugins], plugins:Object.keys(app.plugins.plugins)})"}
22:41:57 Received CLI command {"0":"plugins:enabled","1":"filter=community","2":"format=json"}
22:41:57 Received CLI command {"0":"commands","1":"filter=opencodian"}
22:41:57 Received CLI command {"0":"commands","1":"filter=reading-desk"}
22:45:33 [ERROR] Failed to open view {"stack":"TypeError: e.lastIndexOf is not a function\n    at …:257486)\n    at app://obsidian.md/app.js:1:552094","message":"e.lastIndexOf is not a function"}
22:50:27 Received CLI command {"0":"plugin:reload","1":"id=obsidian-reading-desk"}
22:50:27 Received CLI command {"0":"dev:console","1":"limit=100"}
22:50:34 Received CLI command {"0":"plugin:enable","1":"id=obsidian-reading-desk"}
22:50:34 Received CLI command {"0":"plugin:reload","1":"id=obsidian-reading-desk"}
22:50:34 [INFO] [Reading Desk] Margin v0.1.0 build 0.1.0+2026-09-18T14:49:24.494Z
