23:17:04 Received CLI command {"0":"dev:cdp","1":"method=Emulation.clearDeviceMetricsOverride"}
23:17:04 Received CLI command {"0":"dev:errors"}
23:17:26 Received CLI command {"0":"eval","1":"code=JSON.stringify(app.plugins.plugins['obsidian-reading-desk'].repository.readBooks())"}
23:23:37 Received CLI command {"0":"dev:console","1":"limit=1"}
23:23:37 Received CLI command {"0":"plugin:reload","1":"id=obsidian-reading-desk"}
23:23:37 [INFO] [Reading Desk] Margin v0.1.0 build 0.1.0+2026-09-18T15:23:18.277Z
23:23:37 Received CLI command {"0":"dev:console","1":"limit=20"}
23:23:37 Received CLI command {"0":"dev:errors"}
23:23:50 Received CLI command {"0":"eval","1":"code=(async()=>{const p=app.plugins.plugins['obsid…erPath):null})); return JSON.stringify(books)})()"}
23:23:51 Received CLI command {"0":"dev:console","1":"limit=30"}
23:25:28 Received CLI command {"0":"dev:console","1":"limit=1"}
23:25:28 Received CLI command {"0":"plugin:reload","1":"id=obsidian-reading-desk"}
23:25:28 [INFO] [Reading Desk] Margin v0.1.0 build 0.1.0+2026-09-18T15:25:13.313Z
23:25:28 Received CLI command {"0":"dev:console","1":"limit=20"}
23:25:28 Received CLI command {"0":"dev:errors"}
23:25:38 Received CLI command {"0":"eval","1":"code=(async()=>{const p=app.plugins.plugins['obsid…x.coverPath):null}));return JSON.stringify(b)})()"}
23:25:38 Received CLI command {"0":"dev:errors"}
23:26:22 Received CLI command {"0":"dev:console","1":"limit=1"}
23:26:22 Received CLI command {"0":"plugin:reload","1":"id=obsidian-reading-desk"}
23:26:22 [INFO] [Reading Desk] Margin v0.1.0 build 0.1.0+2026-09-18T15:26:06.909Z
