23:25:28 [INFO] [Reading Desk] Margin v0.1.0 build 0.1.0+2026-09-18T15:25:13.313Z
23:25:28 Received CLI command {"0":"dev:console","1":"limit=20"}
23:25:28 Received CLI command {"0":"dev:errors"}
23:25:38 Received CLI command {"0":"eval","1":"code=(async()=>{const p=app.plugins.plugins['obsid…x.coverPath):null}));return JSON.stringify(b)})()"}
23:25:38 Received CLI command {"0":"dev:errors"}
23:26:22 Received CLI command {"0":"dev:console","1":"limit=1"}
23:26:22 Received CLI command {"0":"plugin:reload","1":"id=obsidian-reading-desk"}
23:26:22 [INFO] [Reading Desk] Margin v0.1.0 build 0.1.0+2026-09-18T15:26:06.909Z
23:26:22 Received CLI command {"0":"dev:console","1":"limit=20"}
23:26:22 Received CLI command {"0":"dev:errors"}
23:27:37 Received CLI command {"0":"dev:console","1":"limit=1"}
23:27:38 Received CLI command {"0":"plugin:reload","1":"id=obsidian-reading-desk"}
23:27:38 [INFO] [Reading Desk] Margin v0.1.0 build 0.1.0+2026-09-18T15:27:14.978Z
23:27:38 Received CLI command {"0":"dev:console","1":"limit=20"}
23:27:38 Received CLI command {"0":"dev:errors"}
23:27:52 Received CLI command {"0":"eval","1":"code=(async()=>{const p=app.plugins.plugins['obsid…adapter.getResourcePath(x.coverPath):null})))})()"}
23:27:53 Received CLI command {"0":"dev:errors"}
23:28:25 Received CLI command {"0":"dev:console","1":"limit=1"}
23:28:25 Received CLI command {"0":"plugin:reload","1":"id=obsidian-reading-desk"}
23:28:25 [INFO] [Reading Desk] Margin v0.1.0 build 0.1.0+2026-09-18T15:28:08.037Z
